[2023-05-24T19:15:48.884+0300][gc,init] CardTable entry size: 512
[2023-05-24T19:15:48.884+0300][gc     ] Using G1
[2023-05-24T19:15:48.888+0300][gc,init] Version: 18.0.2+9-61 (release)
[2023-05-24T19:15:48.888+0300][gc,init] CPUs: 12 total, 12 available
[2023-05-24T19:15:48.888+0300][gc,init] Memory: 32768M
[2023-05-24T19:15:48.888+0300][gc,init] Large Page Support: Disabled
[2023-05-24T19:15:48.888+0300][gc,init] NUMA Support: Disabled
[2023-05-24T19:15:48.888+0300][gc,init] Compressed Oops: Enabled (Zero based)
[2023-05-24T19:15:48.888+0300][gc,init] Heap Region Size: 1M
[2023-05-24T19:15:48.888+0300][gc,init] Heap Min Capacity: 512M
[2023-05-24T19:15:48.888+0300][gc,init] Heap Initial Capacity: 512M
[2023-05-24T19:15:48.888+0300][gc,init] Heap Max Capacity: 512M
[2023-05-24T19:15:48.888+0300][gc,init] Pre-touch: Disabled
[2023-05-24T19:15:48.888+0300][gc,init] Parallel Workers: 10
[2023-05-24T19:15:48.888+0300][gc,init] Concurrent Workers: 3
[2023-05-24T19:15:48.888+0300][gc,init] Concurrent Refinement Workers: 10
[2023-05-24T19:15:48.888+0300][gc,init] Periodic GC: Disabled
[2023-05-24T19:15:48.888+0300][gc,metaspace] CDS archive(s) mapped at: [0x0000000800000000-0x0000000800ba8000-0x0000000800ba8000), size 12222464, SharedBaseAddress: 0x0000000800000000, ArchiveRelocationMode: 0.
[2023-05-24T19:15:48.888+0300][gc,metaspace] Compressed class space mapped at: 0x0000000800c00000-0x0000000840c00000, reserved size: 1073741824
[2023-05-24T19:15:48.888+0300][gc,metaspace] Narrow klass base: 0x0000000800000000, Narrow klass shift: 0, Narrow klass range: 0x100000000
[2023-05-24T19:15:54.226+0300][gc,heap,exit] Heap
[2023-05-24T19:15:54.226+0300][gc,heap,exit]  garbage-first heap   total 524288K, used 14234K [0x00000007e0000000, 0x0000000800000000)
[2023-05-24T19:15:54.226+0300][gc,heap,exit]   region size 1024K, 14 young (14336K), 0 survivors (0K)
[2023-05-24T19:15:54.226+0300][gc,heap,exit]  Metaspace       used 5842K, committed 6080K, reserved 1114112K
[2023-05-24T19:15:54.226+0300][gc,heap,exit]   class space    used 634K, committed 768K, reserved 1048576K
