[2023-05-24T19:12:38.950+0300][gc,init] CardTable entry size: 512
[2023-05-24T19:12:38.950+0300][gc     ] Using G1
[2023-05-24T19:12:38.954+0300][gc,init] Version: 18.0.2+9-61 (release)
[2023-05-24T19:12:38.954+0300][gc,init] CPUs: 12 total, 12 available
[2023-05-24T19:12:38.954+0300][gc,init] Memory: 32768M
[2023-05-24T19:12:38.954+0300][gc,init] Large Page Support: Disabled
[2023-05-24T19:12:38.954+0300][gc,init] NUMA Support: Disabled
[2023-05-24T19:12:38.954+0300][gc,init] Compressed Oops: Enabled (Zero based)
[2023-05-24T19:12:38.954+0300][gc,init] Heap Region Size: 1M
[2023-05-24T19:12:38.954+0300][gc,init] Heap Min Capacity: 512M
[2023-05-24T19:12:38.954+0300][gc,init] Heap Initial Capacity: 512M
[2023-05-24T19:12:38.954+0300][gc,init] Heap Max Capacity: 512M
[2023-05-24T19:12:38.954+0300][gc,init] Pre-touch: Disabled
[2023-05-24T19:12:38.954+0300][gc,init] Parallel Workers: 10
[2023-05-24T19:12:38.954+0300][gc,init] Concurrent Workers: 3
[2023-05-24T19:12:38.954+0300][gc,init] Concurrent Refinement Workers: 10
[2023-05-24T19:12:38.954+0300][gc,init] Periodic GC: Disabled
[2023-05-24T19:12:38.954+0300][gc,metaspace] CDS archive(s) mapped at: [0x0000000800000000-0x0000000800ba8000-0x0000000800ba8000), size 12222464, SharedBaseAddress: 0x0000000800000000, ArchiveRelocationMode: 0.
[2023-05-24T19:12:38.954+0300][gc,metaspace] Compressed class space mapped at: 0x0000000800c00000-0x0000000840c00000, reserved size: 1073741824
[2023-05-24T19:12:38.954+0300][gc,metaspace] Narrow klass base: 0x0000000800000000, Narrow klass shift: 0, Narrow klass range: 0x100000000
[2023-05-24T19:22:34.861+0300][gc,start    ] GC(0) Pause Young (Normal) (G1 Evacuation Pause)
[2023-05-24T19:22:34.861+0300][gc,task     ] GC(0) Using 10 workers of 10 for evacuation
[2023-05-24T19:22:34.865+0300][gc,phases   ] GC(0)   Pre Evacuate Collection Set: 0.1ms
[2023-05-24T19:22:34.865+0300][gc,phases   ] GC(0)   Merge Heap Roots: 0.1ms
[2023-05-24T19:22:34.865+0300][gc,phases   ] GC(0)   Evacuate Collection Set: 3.3ms
[2023-05-24T19:22:34.865+0300][gc,phases   ] GC(0)   Post Evacuate Collection Set: 0.4ms
[2023-05-24T19:22:34.865+0300][gc,phases   ] GC(0)   Other: 0.7ms
[2023-05-24T19:22:34.865+0300][gc,heap     ] GC(0) Eden regions: 25->0(21)
[2023-05-24T19:22:34.866+0300][gc,heap     ] GC(0) Survivor regions: 0->4(4)
[2023-05-24T19:22:34.866+0300][gc,heap     ] GC(0) Old regions: 0->3
[2023-05-24T19:22:34.866+0300][gc,heap     ] GC(0) Archive regions: 2->2
[2023-05-24T19:22:34.866+0300][gc,heap     ] GC(0) Humongous regions: 0->0
[2023-05-24T19:22:34.866+0300][gc,metaspace] GC(0) Metaspace: 7633K(7872K)->7633K(7872K) NonClass: 6808K(6912K)->6808K(6912K) Class: 825K(960K)->825K(960K)
[2023-05-24T19:22:34.866+0300][gc          ] GC(0) Pause Young (Normal) (G1 Evacuation Pause) 25M->7M(512M) 4.840ms
[2023-05-24T19:22:34.866+0300][gc,cpu      ] GC(0) User=0.02s Sys=0.02s Real=0.00s
[2023-05-24T19:23:16.487+0300][gc,heap,exit] Heap
[2023-05-24T19:23:16.487+0300][gc,heap,exit]  garbage-first heap   total 524288K, used 13257K [0x00000007e0000000, 0x0000000800000000)
[2023-05-24T19:23:16.488+0300][gc,heap,exit]   region size 1024K, 10 young (10240K), 4 survivors (4096K)
[2023-05-24T19:23:16.488+0300][gc,heap,exit]  Metaspace       used 7711K, committed 8000K, reserved 1114112K
[2023-05-24T19:23:16.488+0300][gc,heap,exit]   class space    used 825K, committed 960K, reserved 1048576K
